[robosuite WARNING] No private macro file found! (macros.py:53)
[robosuite WARNING] It is recommended to use a private macro file (macros.py:54)
[robosuite WARNING] To setup, run: python /home/licho/anaconda3/envs/specter/lib/python3.10/site-packages/robosuite/scripts/setup_macros.py (macros.py:55)
Gym has been unmaintained since 2022 and does not support NumPy 2.0 amongst other critical functionality.
Please upgrade to Gymnasium, the maintained drop-in replacement of Gym, or contact the authors of your software and request that they upgrade.
See the migration guide at https://gymnasium.farama.org/introduction/migration_guide/ for additional information.
{"attempt": 1, "decision": 0, "id": 1, "step": 10, "action": [-0.8, -0.8, -0.6, 0.0, 0.0, 0.0, -1.0], "rep": "10/10", "success": false, "calls_total": 1, "latency_s": 23.4}
{"attempt": 1, "decision": 1, "id": 2, "step": 17, "action": [0.0, -0.18, -0.7, 0.0, 0.0, 0.0, -1.0], "rep": "7/7", "success": false, "calls_total": 2, "latency_s": 27.28}
{"attempt": 1, "decision": 2, "id": 3, "step": 27, "action": [0.0, 0.0, 0.0, 0.0, 0.0, 0.0, 1.0], "rep": "10/10", "success": false, "calls_total": 3, "latency_s": 17.63}
{"attempt": 1, "decision": 3, "id": 4, "step": 35, "action": [0.0, 0.0, 0.8, 0.0, 0.0, 0.0, 1.0], "rep": "8/8", "success": false, "calls_total": 4, "latency_s": 12.17}
{"attempt": 1, "decision": 4, "id": 5, "step": 43, "action": [0.35, 0.0, -0.7, 0.0, 0.0, 0.0, -1.0], "rep": "8/8", "success": false, "calls_total": 5, "latency_s": 22.96}
{"attempt": 1, "decision": 5, "id": 6, "step": 49, "action": [0.1, 0.0, -0.5, 0.0, 0.0, 0.0, -1.0], "rep": "6/6", "success": false, "calls_total": 6, "latency_s": 18.27}
{"attempt": 1, "decision": 6, "id": 7, "step": 59, "action": [0.0, 0.0, 0.0, 0.0, 0.0, 0.0, 1.0], "rep": "10/10", "success": false, "calls_total": 7, "latency_s": 15.02}
{"attempt": 1, "decision": 7, "id": 8, "step": 67, "action": [0.0, 0.0, 0.8, 0.0, 0.0, 0.0, 1.0], "rep": "8/8", "success": false, "calls_total": 8, "latency_s": 13.45}
{"attempt": 1, "decision": 8, "id": 9, "step": 79, "action": [0.0, 0.0, -0.8, 0.0, 0.0, 0.0, -1.0], "rep": "12/12", "success": false, "calls_total": 9, "latency_s": 25.15}
{"attempt": 1, "decision": 9, "id": 10, "step": 89, "action": [0.0, 0.0, 0.0, 0.0, 0.0, 0.0, 1.0], "rep": "10/10", "success": false, "calls_total": 10, "latency_s": 16.67}
{"attempt": 1, "decision": 10, "id": 11, "step": 95, "action": [0.0, 0.0, 0.8, 0.0, 0.0, 0.0, 1.0], "rep": "6/6", "success": false, "calls_total": 11, "latency_s": 17.12}
{"attempt": 1, "decision": 11, "id": 12, "step": 101, "action": [-0.7, 0.0, 0.0, 0.0, 0.0, 0.0, -1.0], "rep": "6/6", "success": false, "calls_total": 12, "latency_s": 24.83}
{"attempt": 1, "decision": 12, "id": 13, "step": 109, "action": [0.0, 0.0, -0.5, 0.0, 0.0, 0.0, -1.0], "rep": "8/8", "success": false, "calls_total": 13, "latency_s": 19.3}
{"attempt": 1, "decision": 13, "id": 14, "step": 119, "action": [0.0, 0.0, 0.0, 0.0, 0.0, 0.0, 1.0], "rep": "10/10", "success": false, "calls_total": 14, "latency_s": 14.77}
{"attempt": 1, "decision": 14, "id": 15, "step": 127, "action": [0.0, 0.0, 0.8, 0.0, 0.0, 0.0, 1.0], "rep": "8/8", "success": false, "calls_total": 15, "latency_s": 14.04}
{"attempt": 1, "decision": 15, "id": 16, "step": 135, "action": [0.8, 0.0, 0.0, 0.0, 0.0, 0.0, -1.0], "rep": "8/8", "success": false, "calls_total": 16, "latency_s": 25.95}
{"attempt": 1, "decision": 16, "id": 17, "step": 142, "action": [0.6, 0.15, -0.5, 0.0, 0.0, 0.0, -1.0], "rep": "7/7", "success": false, "calls_total": 17, "latency_s": 21.07}
{"attempt": 1, "decision": 17, "id": 18, "step": 152, "action": [0.0, 0.0, 0.0, 0.0, 0.0, 0.0, 1.0], "rep": "10/10", "success": false, "calls_total": 18, "latency_s": 14.21}
{"attempt": 1, "decision": 18, "id": 19, "step": 159, "action": [0.0, 0.0, 0.8, 0.0, 0.0, 0.0, 1.0], "rep": "7/7", "success": false, "calls_total": 19, "latency_s": 23.86}
{"attempt": 1, "decision": 19, "id": 20, "step": 167, "action": [-0.65, -0.4, 0.0, 0.0, 0.0, 0.0, -1.0], "rep": "8/8", "success": false, "calls_total": 20, "latency_s": 18.51}
{"attempt": 1, "decision": 20, "id": 21, "step": 175, "action": [0.0, 0.1, -0.65, 0.0, 0.0, 0.0, -1.0], "rep": "8/8", "success": false, "calls_total": 21, "latency_s": 21.94}
{"attempt": 1, "decision": 21, "id": 22, "step": 185, "action": [0.0, 0.0, 0.0, 0.0, 0.0, 0.0, 1.0], "rep": "10/10", "success": false, "calls_total": 22, "latency_s": 15.24}
{"attempt": 1, "decision": 22, "id": 23, "step": 197, "action": [0.0, 0.0, 1.0, 0.0, 0.0, 0.0, 1.0], "rep": "12/12", "success": false, "calls_total": 23, "latency_s": 13.68}
{"attempt": 1, "decision": 23, "id": 24, "step": 217, "action": [0.25, 1.0, 0.5, 0.0, 0.0, 0.0, 1.0], "rep": "20/20", "success": false, "calls_total": 24, "latency_s": 17.88}
{"attempt": 1, "decision": 24, "id": 25, "step": 235, "action": [0.55, 1.0, 0.0, 0.0, 0.0, 0.0, 1.0], "rep": "18/18", "success": false, "calls_total": 25, "latency_s": 17.69}
{"attempt": 1, "decision": 25, "id": 26, "step": 244, "action": [0.8, -0.35, 0.0, 0.0, 0.0, 0.0, 1.0], "rep": "9/9", "success": false, "calls_total": 26, "latency_s": 25.48}
{"attempt": 1, "decision": 26, "id": 27, "step": 250, "action": [0.55, -0.22, 0.0, 0.0, 0.0, 0.0, 1.0], "rep": "6/6", "success": false, "calls_total": 27, "latency_s": 25.54}
{"attempt": 1, "decision": 27, "id": 28, "step": 258, "action": [0.0, 0.0, -0.7, 0.0, 0.0, 0.0, 1.0], "rep": "8/8", "success": false, "calls_total": 28, "latency_s": 14.34}
{"attempt": 1, "decision": 28, "id": 29, "step": 265, "action": [0.0, 0.0, 0.0, 0.0, 0.0, 0.0, -1.0], "rep": "7/10", "success": true, "calls_total": 29, "latency_s": 11.67}
{"attempt": 2, "decision": 0, "id": 30, "step": 12, "action": [-0.6, -0.8, -0.65, 0.0, 0.0, 0.0, -1.0], "rep": "12/12", "success": false, "calls_total": 30, "latency_s": 27.63}
{"attempt": 2, "decision": 1, "id": 31, "step": 20, "action": [-0.45, 0.0, -0.8, 0.0, 0.0, 0.0, -1.0], "rep": "8/8", "success": false, "calls_total": 31, "latency_s": 22.21}
{"attempt": 2, "decision": 2, "id": 32, "step": 26, "action": [0.0, 0.0, -0.65, 0.0, 0.0, 0.0, -1.0], "rep": "6/6", "success": false, "calls_total": 32, "latency_s": 17.15}
{"attempt": 2, "decision": 3, "id": 33, "step": 36, "action": [0.0, 0.0, 0.0, 0.0, 0.0, 0.0, 1.0], "rep": "10/10", "success": false, "calls_total": 33, "latency_s": 18.81}
{"attempt": 2, "decision": 4, "id": 34, "step": 42, "action": [0.0, 0.0, 0.7, 0.0, 0.0, 0.0, 1.0], "rep": "6/6", "success": false, "calls_total": 34, "latency_s": 15.76}
{"attempt": 2, "decision": 5, "id": 35, "step": 52, "action": [0.0, 0.8, 0.8, 0.0, 0.0, 0.0, 1.0], "rep": "10/10", "success": false, "calls_total": 35, "latency_s": 18.79}
{"attempt": 2, "decision": 6, "id": 36, "step": 70, "action": [0.65, 1.0, 0.0, 0.0, 0.0, 0.0, 1.0], "rep": "18/18", "success": false, "calls_total": 36, "latency_s": 13.34}
{"attempt": 2, "decision": 7, "id": 37, "step": 76, "action": [0.4, 0.75, 0.0, 0.0, 0.0, 0.0, 1.0], "rep": "6/6", "success": false, "calls_total": 37, "latency_s": 18.13}
{"attempt": 2, "decision": 8, "id": 38, "step": 82, "action": [0.0, 0.0, -0.6, 0.0, 0.0, 0.0, 1.0], "rep": "6/6", "success": false, "calls_total": 38, "latency_s": 13.65}
{"attempt": 2, "decision": 9, "id": 39, "step": 87, "action": [0.0, 0.0, 0.0, 0.0, 0.0, 0.0, -1.0], "rep": "5/10", "success": true, "calls_total": 39, "latency_s": 12.09}
{"attempt": 3, "decision": 0, "id": 40, "step": 10, "action": [-0.4, -0.9, -0.65, 0.0, 0.0, 0.0, -1.0], "rep": "10/10", "success": false, "calls_total": 40, "latency_s": 12.09}
{"attempt": 3, "decision": 1, "id": 41, "step": 18, "action": [-0.05, -0.16, -0.8, 0.0, 0.0, 0.0, -1.0], "rep": "8/8", "success": false, "calls_total": 41, "latency_s": 13.5}
{"attempt": 3, "decision": 2, "id": 42, "step": 28, "action": [0.0, 0.0, 0.0, 0.0, 0.0, 0.0, 1.0], "rep": "10/10", "success": false, "calls_total": 42, "latency_s": 16.04}
{"attempt": 3, "decision": 3, "id": 43, "step": 36, "action": [0.0, 0.0, 0.8, 0.0, 0.0, 0.0, 1.0], "rep": "8/8", "success": false, "calls_total": 43, "latency_s": 14.19}
{"attempt": 3, "decision": 4, "id": 44, "step": 44, "action": [0.3, 0.12, 0.0, 0.0, 0.0, 0.0, -1.0], "rep": "8/8", "success": false, "calls_total": 44, "latency_s": 18.45}
{"attempt": 3, "decision": 5, "id": 45, "step": 51, "action": [0.08, 0.0, -0.65, 0.0, 0.0, 0.0, -1.0], "rep": "7/7", "success": false, "calls_total": 45, "latency_s": 14.59}
{"attempt": 3, "decision": 6, "id": 46, "step": 61, "action": [0.0, 0.0, 0.0, 0.0, 0.0, 0.0, 1.0], "rep": "10/10", "success": false, "calls_total": 46, "latency_s": 13.66}
{"attempt": 3, "decision": 7, "id": 47, "step": 68, "action": [0.0, 0.0, 0.7, 0.0, 0.0, 0.0, 1.0], "rep": "7/7", "success": false, "calls_total": 47, "latency_s": 13.97}
{"attempt": 3, "decision": 8, "id": 48, "step": 78, "action": [0.1, 0.08, -0.85, 0.0, 0.0, 0.0, -1.0], "rep": "10/10", "success": false, "calls_total": 48, "latency_s": 20.87}
{"attempt": 3, "decision": 9, "id": 49, "step": 88, "action": [0.0, 0.0, 0.0, 0.0, 0.0, 0.0, 1.0], "rep": "10/10", "success": false, "calls_total": 49, "latency_s": 14.34}
{"attempt": 3, "decision": 10, "id": 50, "step": 96, "action": [0.0, 0.0, 0.8, 0.0, 0.0, 0.0, 1.0], "rep": "8/8", "success": false, "calls_total": 50, "latency_s": 16.02}
{"attempt": 3, "decision": 11, "id": 51, "step": 102, "action": [-0.5, 0.0, 0.0, 0.0, 0.0, 0.0, -1.0], "rep": "6/6", "success": false, "calls_total": 51, "latency_s": 32.59}
{"attempt": 3, "decision": 12, "id": 52, "step": 110, "action": [0.0, 0.0, -0.7, 0.0, 0.0, 0.0, -1.0], "rep": "8/8", "success": false, "calls_total": 52, "latency_s": 16.95}
{"attempt": 3, "decision": 13, "id": 53, "step": 120, "action": [0.0, 0.0, 0.0, 0.0, 0.0, 0.0, 1.0], "rep": "10/10", "success": false, "calls_total": 53, "latency_s": 13.99}
{"attempt": 3, "decision": 14, "id": 54, "step": 128, "action": [0.0, 0.0, 0.8, 0.0, 0.0, 0.0, 1.0], "rep": "8/8", "success": false, "calls_total": 54, "latency_s": 14.7}
{"attempt": 3, "decision": 15, "id": 55, "step": 138, "action": [0.35, 0.0, -0.9, 0.0, 0.0, 0.0, -1.0], "rep": "10/10", "success": false, "calls_total": 55, "latency_s": 29.82}
{"attempt": 3, "decision": 16, "id": 56, "step": 148, "action": [0.0, 0.0, 0.0, 0.0, 0.0, 0.0, 1.0], "rep": "10/10", "success": false, "calls_total": 56, "latency_s": 15.14}
{"attempt": 3, "decision": 17, "id": 57, "step": 158, "action": [0.0, 0.0, 1.0, 0.0, 0.0, 0.0, 1.0], "rep": "10/10", "success": false, "calls_total": 57, "latency_s": 17.45}
{"attempt": 3, "decision": 18, "id": 58, "step": 166, "action": [-0.8, 0.0, 0.0, 0.0, 0.0, 0.0, -1.0], "rep": "8/8", "success": false, "calls_total": 58, "latency_s": 29.34}
{"attempt": 3, "decision": 19, "id": 59, "step": 174, "action": [0.0, 0.12, -0.7, 0.0, 0.0, 0.0, -1.0], "rep": "8/8", "success": false, "calls_total": 59, "latency_s": 22.69}
{"attempt": 3, "decision": 20, "id": 60, "step": 179, "action": [-0.3, 0.4, -0.4, 0.0, 0.0, 0.0, -1.0], "rep": "5/5", "success": false, "calls_total": 60, "latency_s": 20.52}
{"attempt": 3, "decision": 21, "id": 61, "step": 185, "action": [-0.4, -0.65, 0.0, 0.0, 0.0, 0.0, -1.0], "rep": "6/6", "success": false, "calls_total": 61, "latency_s": 24.44}
{"attempt": 3, "decision": 22, "id": 62, "step": 189, "action": [0.0, -0.4, -0.2, 0.0, 0.0, 0.0, -1.0], "rep": "4/4", "success": false, "calls_total": 62, "latency_s": 19.34}
{"attempt": 3, "decision": 23, "id": 63, "step": 198, "action": [0.0, 0.0, 0.0, 0.0, 0.0, 0.0, 1.0], "rep": "9/9", "success": false, "calls_total": 63, "latency_s": 18.55}
{"attempt": 3, "decision": 24, "id": 64, "step": 208, "action": [0.0, 0.0, 1.0, 0.0, 0.0, 0.0, 1.0], "rep": "10/10", "success": false, "calls_total": 64, "latency_s": 14.41}
{"attempt": 3, "decision": 25, "id": 65, "step": 218, "action": [0.6, 0.1, -0.8, 0.0, 0.0, 0.0, -1.0], "rep": "10/10", "success": false, "calls_total": 65, "latency_s": 24.35}
{"attempt": 3, "decision": 26, "id": 66, "step": 223, "action": [0.6, -0.2, -0.4, 0.0, 0.0, 0.0, -1.0], "rep": "5/5", "success": false, "calls_total": 66, "latency_s": 18.98}
{"attempt": 3, "decision": 27, "id": 67, "step": 228, "action": [0.8, -0.4, 0.0, 0.0, 0.0, 0.0, -1.0], "rep": "5/5", "success": false, "calls_total": 67, "latency_s": 22.55}
{"attempt": 3, "decision": 28, "id": 68, "step": 234, "action": [1.0, 0.0, 0.7, 0.0, 0.0, 0.0, -1.0], "rep": "6/6", "success": false, "calls_total": 68, "latency_s": 17.08}
{"attempt": 3, "decision": 29, "id": 69, "step": 238, "action": [1.0, 0.4, 0.0, 0.0, 0.0, 0.0, -1.0], "rep": "4/4", "success": false, "calls_total": 69, "latency_s": 20.68}
{"attempt": 3, "decision": 30, "id": 70, "step": 241, "action": [0.5, 0.5, -0.3, 0.0, 0.0, 0.0, -1.0], "rep": "3/3", "success": false, "calls_total": 70, "latency_s": 19.72}
{"attempt": 3, "decision": 31, "id": 71, "step": 245, "action": [0.0, -0.7, 0.0, 0.0, 0.0, 0.0, -1.0], "rep": "4/4", "success": false, "calls_total": 71, "latency_s": 18.19}
{"attempt": 3, "decision": 32, "id": 72, "step": 254, "action": [0.0, 0.0, 0.0, 0.0, 0.0, 0.0, 1.0], "rep": "9/9", "success": false, "calls_total": 72, "latency_s": 16.11}
{"attempt": 3, "decision": 33, "id": 73, "step": 262, "action": [0.25, 0.25, 1.0, 0.0, 0.0, 0.0, 1.0], "rep": "8/8", "success": false, "calls_total": 73, "latency_s": 18.2}
{"attempt": 3, "decision": 34, "id": 74, "step": 269, "action": [-0.5, -0.3, -1.0, 0.0, 0.0, 0.0, -1.0], "rep": "7/7", "success": false, "calls_total": 74, "latency_s": 20.5}
{"attempt": 3, "decision": 35, "id": 75, "step": 271, "action": [0.3, -0.2, -1.0, 0.0, 0.0, 0.0, -1.0], "rep": "2/2", "success": false, "calls_total": 75, "latency_s": 22.36}
{"attempt": 3, "decision": 36, "id": 76, "step": 278, "action": [0.0, 0.0, 0.0, 0.0, 0.0, 0.0, 1.0], "rep": "7/7", "success": false, "calls_total": 76, "latency_s": 15.08}
{"attempt": 3, "decision": 37, "id": 77, "step": 296, "action": [1.0, 1.0, 0.8, 0.0, 0.0, 0.0, 1.0], "rep": "18/18", "success": false, "calls_total": 77, "latency_s": 17.64}
RUN_DONE complete
